// Jest Snapshot v1, https://goo.gl/fbAQLP

exports[`Home Component should render without throwing an error 1`] = `
<div>
  <div
    className="rows"
    data-test="headerLine"
  >
    <withRouter(Connect(Navigation)) />
    <div>
      <h1
        data-test="header"
      >
         
        <FormattedMessage
          defaultMessage="Claymore"
          id="home.title"
          values={Object {}}
        />
      </h1>
    </div>
  </div>
  <div
    className="rows"
  />
  <div
    className="rows"
  />
  <div
    className="rows"
  />
</div>
`;
